▲ Next.js 16.1.6
- Local:         http://localhost:4014
- Network:       http://26.35.111.111:4014

✓ Starting...
⚠ "next start" does not work with "output: standalone" configuration. Use "node .next/standalone/server.js" instead.
✓ Ready in 2.2s
(node:59432) [DEP0060] DeprecationWarning: The `util._extend` API is deprecated. Please use Object.assign() instead.
(Use `node --trace-deprecation ...` to show where the warning was created)
Failed to proxy http://tracking-backend:4000/api/v1/auth/me Error: getaddrinfo ENOTFOUND tracking-backend
    at ignore-listed frames {
  errno: -3008,
  code: 'ENOTFOUND',
  syscall: 'getaddrinfo',
  hostname: 'tracking-backend'
}
Error: getaddrinfo ENOTFOUND tracking-backend
    at ignore-listed frames {
  errno: -3008,
  code: 'ENOTFOUND',
  syscall: 'getaddrinfo',
  hostname: 'tracking-backend'
}
Failed to proxy http://tracking-backend:4000/api/v1/notifications/stats Error: getaddrinfo ENOTFOUND tracking-backend
    at ignore-listed frames {
  errno: -3008,
  code: 'ENOTFOUND',
  syscall: 'getaddrinfo',
  hostname: 'tracking-backend'
}
Error: getaddrinfo ENOTFOUND tracking-backend
    at ignore-listed frames {
  errno: -3008,
  code: 'ENOTFOUND',
  syscall: 'getaddrinfo',
  hostname: 'tracking-backend'
}
Failed to proxy http://tracking-backend:4000/api/v1/notifications?limit=8 Error: getaddrinfo ENOTFOUND tracking-backend
    at ignore-listed frames {
  errno: -3008,
  code: 'ENOTFOUND',
  syscall: 'getaddrinfo',
  hostname: 'tracking-backend'
}
Error: getaddrinfo ENOTFOUND tracking-backend
    at ignore-listed frames {
  errno: -3008,
  code: 'ENOTFOUND',
  syscall: 'getaddrinfo',
  hostname: 'tracking-backend'
}
Failed to proxy http://tracking-backend:4000/api/v1/devices?page=1&limit=20 Error: getaddrinfo ENOTFOUND tracking-backend
    at ignore-listed frames {
  errno: -3008,
  code: 'ENOTFOUND',
  syscall: 'getaddrinfo',
  hostname: 'tracking-backend'
}
Error: getaddrinfo ENOTFOUND tracking-backend
    at ignore-listed frames {
  errno: -3008,
  code: 'ENOTFOUND',
  syscall: 'getaddrinfo',
  hostname: 'tracking-backend'
}
Failed to proxy http://tracking-backend:4000/api/v1/notifications/stats Error: getaddrinfo ENOTFOUND tracking-backend
    at ignore-listed frames {
  errno: -3008,
  code: 'ENOTFOUND',
  syscall: 'getaddrinfo',
  hostname: 'tracking-backend'
}
Error: getaddrinfo ENOTFOUND tracking-backend
    at ignore-listed frames {
  errno: -3008,
  code: 'ENOTFOUND',
  syscall: 'getaddrinfo',
  hostname: 'tracking-backend'
}
Failed to proxy http://tracking-backend:4000/api/v1/notifications?limit=8 Error: getaddrinfo ENOTFOUND tracking-backend
    at ignore-listed frames {
  errno: -3008,
  code: 'ENOTFOUND',
  syscall: 'getaddrinfo',
  hostname: 'tracking-backend'
}
Error: getaddrinfo ENOTFOUND tracking-backend
    at ignore-listed frames {
  errno: -3008,
  code: 'ENOTFOUND',
  syscall: 'getaddrinfo',
  hostname: 'tracking-backend'
}
Failed to proxy http://tracking-backend:4000/api/v1/devices?page=1&limit=20 Error: getaddrinfo ENOTFOUND tracking-backend
    at ignore-listed frames {
  errno: -3008,
  code: 'ENOTFOUND',
  syscall: 'getaddrinfo',
  hostname: 'tracking-backend'
}
Error: getaddrinfo ENOTFOUND tracking-backend
    at ignore-listed frames {
  errno: -3008,
  code: 'ENOTFOUND',
  syscall: 'getaddrinfo',
  hostname: 'tracking-backend'
}
Failed to proxy http://tracking-backend:4000/api/v1/notifications/stats Error: getaddrinfo ENOTFOUND tracking-backend
    at ignore-listed frames {
  errno: -3008,
  code: 'ENOTFOUND',
  syscall: 'getaddrinfo',
  hostname: 'tracking-backend'
}
Error: getaddrinfo ENOTFOUND tracking-backend
    at ignore-listed frames {
  errno: -3008,
  code: 'ENOTFOUND',
  syscall: 'getaddrinfo',
  hostname: 'tracking-backend'
}
Failed to proxy http://tracking-backend:4000/api/v1/notifications?limit=8 Error: getaddrinfo ENOTFOUND tracking-backend
    at ignore-listed frames {
  errno: -3008,
  code: 'ENOTFOUND',
  syscall: 'getaddrinfo',
  hostname: 'tracking-backend'
}
Error: getaddrinfo ENOTFOUND tracking-backend
    at ignore-listed frames {
  errno: -3008,
  code: 'ENOTFOUND',
  syscall: 'getaddrinfo',
  hostname: 'tracking-backend'
}
Failed to proxy http://tracking-backend:4000/api/v1/notifications/stats Error: getaddrinfo ENOTFOUND tracking-backend
    at ignore-listed frames {
  errno: -3008,
  code: 'ENOTFOUND',
  syscall: 'getaddrinfo',
  hostname: 'tracking-backend'
}
Error: getaddrinfo ENOTFOUND tracking-backend
    at ignore-listed frames {
  errno: -3008,
  code: 'ENOTFOUND',
  syscall: 'getaddrinfo',
  hostname: 'tracking-backend'
}
Failed to proxy http://tracking-backend:4000/api/v1/notifications?limit=8 Error: getaddrinfo ENOTFOUND tracking-backend
    at ignore-listed frames {
  errno: -3008,
  code: 'ENOTFOUND',
  syscall: 'getaddrinfo',
  hostname: 'tracking-backend'
}
Error: getaddrinfo ENOTFOUND tracking-backend
    at ignore-listed frames {
  errno: -3008,
  code: 'ENOTFOUND',
  syscall: 'getaddrinfo',
  hostname: 'tracking-backend'
}
Failed to proxy http://tracking-backend:4000/api/v1/notifications?limit=8 Error: getaddrinfo ENOTFOUND tracking-backend
    at ignore-listed frames {
  errno: -3008,
  code: 'ENOTFOUND',
  syscall: 'getaddrinfo',
  hostname: 'tracking-backend'
}
Error: getaddrinfo ENOTFOUND tracking-backend
    at ignore-listed frames {
  errno: -3008,
  code: 'ENOTFOUND',
  syscall: 'getaddrinfo',
  hostname: 'tracking-backend'
}
Failed to proxy http://tracking-backend:4000/api/v1/notifications/stats Error: getaddrinfo ENOTFOUND tracking-backend
    at ignore-listed frames {
  errno: -3008,
  code: 'ENOTFOUND',
  syscall: 'getaddrinfo',
  hostname: 'tracking-backend'
}
Error: getaddrinfo ENOTFOUND tracking-backend
    at ignore-listed frames {
  errno: -3008,
  code: 'ENOTFOUND',
  syscall: 'getaddrinfo',
  hostname: 'tracking-backend'
}
⨯ Error: Failed to load static file for page: /500 ENOENT: no such file or directory, open 'E:\anmh1205\IoT_Vehicle_Tracking_System\iot-vehicle-tracking-system-cloud\Tracking_Frontend\.next\server\pages\500.html'
    at ignore-listed frames
⨯ Error: Failed to load static file for page: /500 ENOENT: no such file or directory, open 'E:\anmh1205\IoT_Vehicle_Tracking_System\iot-vehicle-tracking-system-cloud\Tracking_Frontend\.next\server\pages\500.html'
    at ignore-listed frames
Failed to proxy http://tracking-backend:4000/api/v1/notifications?limit=8 Error: getaddrinfo ENOTFOUND tracking-backend
    at ignore-listed frames {
  errno: -3008,
  code: 'ENOTFOUND',
  syscall: 'getaddrinfo',
  hostname: 'tracking-backend'
}
Error: getaddrinfo ENOTFOUND tracking-backend
    at ignore-listed frames {
  errno: -3008,
  code: 'ENOTFOUND',
  syscall: 'getaddrinfo',
  hostname: 'tracking-backend'
}
⨯ Error: Failed to load static file for page: /500 ENOENT: no such file or directory, open 'E:\anmh1205\IoT_Vehicle_Tracking_System\iot-vehicle-tracking-system-cloud\Tracking_Frontend\.next\server\pages\500.html'
    at ignore-listed frames
Failed to proxy http://tracking-backend:4000/api/v1/notifications/stats Error: getaddrinfo ENOTFOUND tracking-backend
    at ignore-listed frames {
  errno: -3008,
  code: 'ENOTFOUND',
  syscall: 'getaddrinfo',
  hostname: 'tracking-backend'
}
Error: getaddrinfo ENOTFOUND tracking-backend
    at ignore-listed frames {
  errno: -3008,
  code: 'ENOTFOUND',
  syscall: 'getaddrinfo',
  hostname: 'tracking-backend'
}
⨯ Error: Failed to load static file for page: /500 ENOENT: no such file or directory, open 'E:\anmh1205\IoT_Vehicle_Tracking_System\iot-vehicle-tracking-system-cloud\Tracking_Frontend\.next\server\pages\500.html'
    at ignore-listed frames
Failed to proxy http://tracking-backend:4000/api/v1/notifications/stats Error: getaddrinfo ENOTFOUND tracking-backend
    at ignore-listed frames {
  errno: -3008,
  code: 'ENOTFOUND',
  syscall: 'getaddrinfo',
  hostname: 'tracking-backend'
}
Error: getaddrinfo ENOTFOUND tracking-backend
    at ignore-listed frames {
  errno: -3008,
  code: 'ENOTFOUND',
  syscall: 'getaddrinfo',
  hostname: 'tracking-backend'
}
Failed to proxy http://tracking-backend:4000/api/v1/notifications?limit=8 Error: getaddrinfo ENOTFOUND tracking-backend
    at ignore-listed frames {
  errno: -3008,
  code: 'ENOTFOUND',
  syscall: 'getaddrinfo',
  hostname: 'tracking-backend'
}
Error: getaddrinfo ENOTFOUND tracking-backend
    at ignore-listed frames {
  errno: -3008,
  code: 'ENOTFOUND',
  syscall: 'getaddrinfo',
  hostname: 'tracking-backend'
}
Failed to proxy http://tracking-backend:4000/api/v1/notifications/stats Error: getaddrinfo ENOTFOUND tracking-backend
    at ignore-listed frames {
  errno: -3008,
  code: 'ENOTFOUND',
  syscall: 'getaddrinfo',
  hostname: 'tracking-backend'
}
Error: getaddrinfo ENOTFOUND tracking-backend
    at ignore-listed frames {
  errno: -3008,
  code: 'ENOTFOUND',
  syscall: 'getaddrinfo',
  hostname: 'tracking-backend'
}
Failed to proxy http://tracking-backend:4000/api/v1/notifications?limit=8 Error: getaddrinfo ENOTFOUND tracking-backend
    at ignore-listed frames {
  errno: -3008,
  code: 'ENOTFOUND',
  syscall: 'getaddrinfo',
  hostname: 'tracking-backend'
}
Error: getaddrinfo ENOTFOUND tracking-backend
    at ignore-listed frames {
  errno: -3008,
  code: 'ENOTFOUND',
  syscall: 'getaddrinfo',
  hostname: 'tracking-backend'
}
Failed to proxy http://tracking-backend:4000/api/v1/notifications?limit=8 Error: getaddrinfo ENOTFOUND tracking-backend
    at ignore-listed frames {
  errno: -3008,
  code: 'ENOTFOUND',
  syscall: 'getaddrinfo',
  hostname: 'tracking-backend'
}
Error: getaddrinfo ENOTFOUND tracking-backend
    at ignore-listed frames {
  errno: -3008,
  code: 'ENOTFOUND',
  syscall: 'getaddrinfo',
  hostname: 'tracking-backend'
}
Failed to proxy http://tracking-backend:4000/api/v1/notifications/stats Error: getaddrinfo ENOTFOUND tracking-backend
    at ignore-listed frames {
  errno: -3008,
  code: 'ENOTFOUND',
  syscall: 'getaddrinfo',
  hostname: 'tracking-backend'
}
Error: getaddrinfo ENOTFOUND tracking-backend
    at ignore-listed frames {
  errno: -3008,
  code: 'ENOTFOUND',
  syscall: 'getaddrinfo',
  hostname: 'tracking-backend'
}
Failed to proxy http://tracking-backend:4000/api/v1/notifications?limit=8 Error: getaddrinfo ENOTFOUND tracking-backend
    at ignore-listed frames {
  errno: -3008,
  code: 'ENOTFOUND',
  syscall: 'getaddrinfo',
  hostname: 'tracking-backend'
}
Error: getaddrinfo ENOTFOUND tracking-backend
    at ignore-listed frames {
  errno: -3008,
  code: 'ENOTFOUND',
  syscall: 'getaddrinfo',
  hostname: 'tracking-backend'
}
Failed to proxy http://tracking-backend:4000/api/v1/notifications/stats Error: getaddrinfo ENOTFOUND tracking-backend
    at ignore-listed frames {
  errno: -3008,
  code: 'ENOTFOUND',
  syscall: 'getaddrinfo',
  hostname: 'tracking-backend'
}
Error: getaddrinfo ENOTFOUND tracking-backend
    at ignore-listed frames {
  errno: -3008,
  code: 'ENOTFOUND',
  syscall: 'getaddrinfo',
  hostname: 'tracking-backend'
}
^C