[POST] http://localhost:4000/api/v1/auth/login => [200] OK
[GET] http://localhost:4000/api/v1/notifications/stats => [200] OK
[GET] http://localhost:4000/api/v1/notifications?limit=8 => [200] OK
[GET] http://localhost:4000/api/v1/dashboard/stats => [200] OK
[GET] http://localhost:4000/api/v1/dashboard/activity?limit=50 => [200] OK
[GET] http://localhost:4000/api/v1/dashboard/device-activity?days=7 => [200] OK
[GET] http://localhost:4000/api/v1/dashboard/device-status => [200] OK
[GET] http://localhost:4000/api/v1/dashboard/fleet-runtime?days=30 => [200] OK
[GET] http://localhost:4000/api/v1/notifications/stats => [200] OK
[GET] http://localhost:4000/api/v1/notifications?limit=8 => [200] OK
[GET] http://localhost:4000/api/v1/auth/me => [200] OK
[GET] http://localhost:4000/api/v1/notifications/stats => [200] OK
[GET] http://localhost:4000/api/v1/notifications?limit=8 => [200] OK
[GET] http://localhost:4000/api/v1/devices?page=1&limit=20 => [200] OK
[GET] http://localhost:4000/api/v1/auth/me => [200] OK
[GET] http://localhost:4000/api/v1/notifications/stats => [200] OK
[GET] http://localhost:4000/api/v1/notifications?limit=8 => [200] OK
[GET] http://localhost:4000/api/v1/customers?page=1&limit=20 => [200] OK
[GET] http://localhost:4000/api/v1/vehicles?page=1&limit=100&sortBy=createdAt&sortOrder=desc => [200] OK
[GET] http://localhost:4000/api/v1/auth/me => [200] OK
[GET] http://localhost:4000/api/v1/notifications/stats => [200] OK
[GET] http://localhost:4000/api/v1/notifications?limit=8 => [200] OK
[GET] http://localhost:4000/api/v1/drivers?page=1&limit=20 => [200] OK
[GET] http://localhost:4000/api/v1/auth/me => [200] OK
[GET] http://localhost:4000/api/v1/notifications/stats => [200] OK
[GET] http://localhost:4000/api/v1/notifications?limit=8 => [200] OK
[GET] http://localhost:4000/api/v1/trips?page=1&limit=20 => [200] OK
[GET] http://localhost:4000/api/v1/auth/me => [200] OK
[GET] http://localhost:4000/api/v1/notifications/stats => [200] OK
[GET] http://localhost:4000/api/v1/notifications?limit=8 => [200] OK
[GET] http://localhost:4000/api/v1/geofences?page=1&limit=20 => [200] OK
[GET] http://localhost:4000/api/v1/vehicles?limit=100 => [200] OK
[GET] http://localhost:4000/api/v1/auth/me => [200] OK
[GET] http://localhost:4000/api/v1/notifications/stats => [200] OK
[GET] http://localhost:4000/api/v1/notifications?limit=8 => [200] OK
[GET] http://localhost:4000/api/v1/maintenance?page=1&limit=50 => [200] OK
[GET] http://localhost:4000/api/v1/maintenance?status=scheduled&limit=1 => [200] OK
[GET] http://localhost:4000/api/v1/maintenance?status=in_progress&limit=1 => [200] OK
[GET] http://localhost:4000/api/v1/maintenance?status=completed&limit=1 => [200] OK
[GET] http://localhost:4000/api/v1/maintenance?status=cancelled&limit=1 => [200] OK
[GET] http://localhost:4000/api/v1/alerts?page=1&limit=30&status=active&alertType=maintenance_due => [200] OK
[GET] http://localhost:4000/api/v1/auth/me => [200] OK
[GET] http://localhost:4000/api/v1/notifications/stats => [200] OK
[GET] http://localhost:4000/api/v1/notifications?limit=8 => [200] OK
[GET] http://localhost:4000/api/v1/devices?page=1&limit=20 => [200] OK
[GET] http://localhost:4000/api/v1/auth/me => [200] OK
[GET] http://localhost:4000/api/v1/notifications/stats => [200] OK
[GET] http://localhost:4000/api/v1/notifications?limit=8 => [200] OK
[GET] http://localhost:4000/api/v1/customers?page=1&limit=20 => [200] OK
[GET] http://localhost:4000/api/v1/vehicles?page=1&limit=100&sortBy=createdAt&sortOrder=desc => [200] OK
[GET] http://localhost:4000/api/v1/auth/me => [200] OK
[GET] http://localhost:4000/api/v1/notifications/stats => [200] OK
[GET] http://localhost:4000/api/v1/notifications?limit=8 => [200] OK
[GET] http://localhost:4000/api/v1/drivers?page=1&limit=20 => [200] OK
[GET] http://localhost:4000/api/v1/auth/me => [200] OK
[GET] http://localhost:4000/api/v1/notifications/stats => [200] OK
[GET] http://localhost:4000/api/v1/notifications?limit=8 => [200] OK
[GET] http://localhost:4000/api/v1/trips?page=1&limit=20 => [200] OK
[GET] http://localhost:4000/api/v1/auth/me => [200] OK
[GET] http://localhost:4000/api/v1/notifications/stats => [200] OK
[GET] http://localhost:4000/api/v1/notifications?limit=8 => [200] OK
[GET] http://localhost:4000/api/v1/geofences?page=1&limit=20 => [200] OK
[GET] http://localhost:4000/api/v1/vehicles?limit=100 => [200] OK
[GET] http://localhost:4000/api/v1/auth/me => [200] OK
[GET] http://localhost:4000/api/v1/notifications/stats => [200] OK
[GET] http://localhost:4000/api/v1/notifications?limit=8 => [200] OK
[GET] http://localhost:4000/api/v1/maintenance?page=1&limit=50 => [200] OK
[GET] http://localhost:4000/api/v1/maintenance?status=scheduled&limit=1 => [200] OK
[GET] http://localhost:4000/api/v1/maintenance?status=in_progress&limit=1 => [200] OK
[GET] http://localhost:4000/api/v1/maintenance?status=completed&limit=1 => [200] OK
[GET] http://localhost:4000/api/v1/maintenance?status=cancelled&limit=1 => [200] OK
[GET] http://localhost:4000/api/v1/alerts?page=1&limit=30&status=active&alertType=maintenance_due => [200] OK
[GET] http://localhost:4000/api/v1/auth/me => [200] OK
[GET] http://localhost:4000/api/v1/notifications/stats => [200] OK
[GET] http://localhost:4000/api/v1/notifications?limit=8 => [200] OK
[GET] http://localhost:4000/api/v1/alerts?page=1&limit=50 => [200] OK
[GET] http://localhost:4000/api/v1/auth/me => [200] OK
[GET] http://localhost:4000/api/v1/notifications/stats => [200] OK
[GET] http://localhost:4000/api/v1/notifications?limit=8 => [200] OK
[GET] http://localhost:4000/api/v1/violations?page=1&limit=20 => [200] OK
[GET] http://localhost:4000/api/v1/auth/me => [200] OK
[GET] http://localhost:4000/api/v1/notifications/stats => [200] OK
[GET] http://localhost:4000/api/v1/notifications?limit=8 => [200] OK
[GET] http://localhost:4000/api/v1/devices/positions => [200] OK
[GET] http://localhost:4000/api/v1/geofences?page=1&limit=100 => [200] OK
[GET] http://localhost:4000/api/v1/devices/positions => [200] OK
[GET] http://localhost:4000/api/v1/devices/positions => [200] OK
[GET] http://localhost:4000/api/v1/devices/positions => [200] OK
[GET] http://localhost:4000/api/v1/devices/positions => [200] OK