
===== monitor start port=COM4 ts=1776507964 =====
F
PID 0x2F rpm=802 spd=0 mil=on
on
REQ id=0x7DF mode=0x1 pid=0xD
PID 0xD rpm=802 spd=0 mil=on
REQ id=0x7DF mode=0x1 pid=0x2F
PID 0x2F rpm=802 spd=0 mil=on
on
REQ id=0x7DF mode=0x1 pid=0xD
PID 0xD rpm=802 spd=0 mil=on
REQ id=0x7DF mode=0x1 pid=0x2F
PID 0x2F rpm=802 spd=0 mil=on
REQ id=0x7DF mode=0x1 pid=0xC
PID 0xC rpm=802 spd=0 mil=on
REQ id=0x7DF mode=0x1 pid=0xD
PID 0xD rpm=802 spd=0 mil=on
REQ id=0x7DF mode=0x1 pid=0x4
PID 0x4 rpm=824 spd=0 mil=on
REQ id=0x7DF mode=0x1 pid=0xC
PID 0xC rpm=846 spd=0 mil=on
REQ id=0x7DF mode=0x1 pid=0xD
PID 0xD rpm=846 spd=0 mil=on
REQ id=0x7DF mode=0x1 pid=0x5
PID 0x5 rpm=846 spd=0 mil=on
REQ id=0x7DF mode=0xA pid=0x0
Sent permanent DTC
REQ id=0x7DF mode=0x1 pid=0xC
PID 0xC rpm=846 spd=0 mil=on
REQ id=0x7DF mode=0x1 pid=0xD
PID 0xD rpm=846 spd=0 mil=on
REQ id=0x7DF mode=0x1 pid=0x2F
PID 0x2F rpm=868 spd=0 mil=on
REQ id=0x7DF mode=0x1 pid=0xC
PID 0xC rpm=868 spd=0 mil=on
REQ id=0x7DF mode=0x1 pid=0xD
PID 0xD rpm=868 spd=0 mil=on
REQ id=0x7DF mode=0x1 pid=0x4
PID 0x4 rpm=868 spd=0 mil=on
REQ id=0x7DF mode=0x1 pid=0xC
PID 0xC rpm=868 spd=0 mil=on
REQ id=0x7DF mode=0x1 pid=0xD
PID 0xD rpm=868 spd=0 mil=on
REQ id=0x7DF mode=0x1 pid=0x5
PID 0x5 rpm=868 spd=0 mil=on
REQ id=0x7DF mode=0x1 pid=0xC
PID 0xC rpm=890 spd=0 mil=on
REQ id=0x7DF mode=0x1 pid=0xD
PID 0xD rpm=890 spd=0 mil=on
REQ id=0x7DF mode=0x1 pid=0x2F
PID 0x2F rpm=890 spd=0 mil=on
REQ id=0x7DF mode=0x1 pid=0x1
PID 0x1 rpm=890 spd=0 mil=on
REQ id=0x7DF mode=0x1 pid=0xC
PID 0xC rpm=890 spd=0 mil=on
REQ id=0x7DF mode=0x1 pid=0xD
PID 0xD rpm=890 spd=0 mil=on
REQ id=0x7DF mode=0x1 pid=0x4
PID 0x4 rpm=890 spd=0 mil=on
REQ id=0x7DF mode=0x1 pid=0xC
PID 0xC rpm=912 spd=0 mil=on
REQ id=0x7DF mode=0x1 pid=0xD
PID 0xD rpm=912 spd=0 mil=on
REQ id=0x7DF mode=0x1 pid=0x5
PID 0x5 rpm=912 spd=0 mil=on
REQ id=0x7DF mode=0x1 pid=0xC
PID 0xC rpm=1985 spd=43 mil=on
REQ id=0x7DF mode=0x1 pid=0xD
PID 0xD rpm=1985 spd=43 mil=on
REQ id=0x7DF mode=0x1 pid=0x2F
PID 0x2F rpm=1985 spd=43 mil=on
REQ id=0x7DF mode=0x3 pid=0x0
Sent stored DTC
REQ id=0x7DF mode=0x1 pid=0xC
PID 0xC rpm=1320 spd=22 mil=on
REQ id=0x7DF mode=0x1 pid=0xD
PID 0xD rpm=1320 spd=22 mil=on
REQ id=0x7DF mode=0x1 pid=0x4
PID 0x4 rpm=1320 spd=22 mil=on
REQ id=0x7DF mode=0x1 pid=0xC
PID 0xC rpm=1320 spd=22 mil=on
REQ id=0x7DF mode=0x1 pid=0xD
PID 0xD rpm=1320 spd=22 mil=on
REQ id=0x7DF mode=0x1 pid=0x5
PID 0x5 rpm=1320 spd=22 mil=on
REQ id=0x7DF mode=0x1 pid=0xC
PID 0xC rpm=1415 spd=25 mil=on
REQ id=0x7DF mode=0x1 pid=0xD
PID 0xD rpm=1415 spd=25 mil=on
REQ id=0x7DF mode=0x1 pid=0x2F
PID 0x2F rpm=1415 spd=25 mil=on
REQ id=0x7DF mode=0x7 pid=0x0
Sent pending DTC
REQ id=0x7DF mode=0x1 pid=0xC
PID 0xC rpm=1415 spd=25 mil=on
REQ id=0x7DF mode=0x1 pid=0xD
PID 0xD rpm=1415 spd=25 mil=on
REQ id=0x7DF mode=0x1 pid=0x4
PID 0x4 rpm=1415 spd=25 mil=on
REQ id=0x7DF mode=0x1 pid=0xC
PID 0xC rpm=1415 spd=25 mil=on
REQ id=0x7DF mode=0x1 pid=0xD
PID 0xD rpm=1415 spd=25 mil=on
REQ id=0x7DF mode=0x1 pid=0x5
PID 0x5 rpm=1510 spd=28 mil=on
REQ id=0x7DF mode=0x1 pid=0xC
PID 0xC rpm=1510 spd=28 mil=on
REQ id=0x7DF mode=0x1 pid=0xD
PID 0xD rpm=1510 spd=28 mil=on
REQ id=0x7DF mode=0x1 pid=0x2F
PID 0x2F rpm=1510 spd=28 mil=on
REQ id=0x7DF mode=0x1 pid=0xC
PID 0xC rpm=1510 spd=28 mil=on
REQ id=0x7DF mode=0x1 pid=0xD
PID 0xD rpm=1510 spd=28 mil=on
REQ id=0x7DF mode=0x1 pid=0x4
PID 0x4 rpm=1510 spd=28 mil=on
REQ id=0x7DF mode=0x1 pid=0xC
PID 0xC rpm=1605 spd=31 mil=on
REQ id=0x7DF mode=0x1 pid=0xD
PID 0xD rpm=1605 spd=31 mil=on
REQ id=0x7DF mode=0x1 pid=0x5
PID 0x5 rpm=1605 spd=31 mil=on
REQ id=0x7DF mode=0xA pid=0x0
Sent permanent DTC
REQ id=0x7DF mode=0x1 pid=0xC
PID 0xC rpm=1605 spd=31 mil=on
REQ id=0x7DF mode=0x1 pid=0xD
PID 0xD rpm=1605 spd=31 mil=on
REQ id=0x7DF mode=0x1 pid=0x2F
PID 0x2F rpm=1605 spd=31 mil=on
REQ id=0x7DF mode=0x1 pid=0xC
PID 0xC rpm=1700 spd=34 mil=on
REQ id=0x7DF mode=0x1 pid=0xD
PID 0xD rpm=1700 spd=34 mil=on
REQ id=0x7DF mode=0x1 pid=0x4
PID 0x4 rpm=1700 spd=34 mil=on
REQ id=0x7DF mode=0x1 pid=0xC
PID 0xC rpm=1700 spd=34 mil=on
REQ id=0x7DF mode=0x1 pid=0xD
PID 0xD rpm=1700 spd=34 mil=on
REQ id=0x7DF mode=0x1 pid=0x5
PID 0x5 rpm=1700 spd=34 mil=on
REQ id=0x7DF mode=0x1 pid=0x1
PID 0x1 rpm=1795 spd=37 mil=on
REQ id=0x7DF mode=0x1 pid=0xC
PID 0xC rpm=1795 spd=37 mil=on
REQ id=0x7DF mode=0x1 pid=0xD
PID 0xD rpm=1795 spd=37 mil=on
REQ id=0x7DF mode=0x1 pid=0x2F
PID 0x2F rpm=1795 spd=37 mil=on
REQ id=0x7DF mode=0x1 pid=0xC
PID 0xC rpm=1795 spd=37 mil=on
REQ id=0x7DF mode=0x1 pid=0xD
PID 0xD rpm=1795 spd=37 mil=on
REQ id=0x7DF mode=0x1 pid=0x4
PID 0x4 rpm=1795 spd=37 mil=on
REQ id=0x7DF mode=0x1 pid=0xC
PID 0xC rpm=1890 spd=40 mil=on
REQ id=0x7DF mode=0x1 pid=0xD
PID 0xD rpm=1890 spd=40 mil=on
REQ id=0x7DF mode=0x1 pid=0x5
PID 0x5 rpm=1890 spd=40 mil=on
REQ id=0x7DF mode=0x1 pid=0xC
PID 0xC rpm=1890 spd=40 mil=on
REQ id=0x7DF mode=0x1 pid=0xD
PID 0xD rpm=1890 spd=40 mil=on
REQ id=0x7DF mode=0x1 pid=0x2F
PID 0x2F rpm=1890 spd=40 mil=on
REQ id=0x7DF mode=0x1 pid=0xC
PID 0xC rpm=1890 spd=40 mil=on
REQ id=0x7DF mode=0x1 pid=0xD
PID 0xD rpm=1890 spd=40 mil=on
REQ id=0x7DF mode=0x1 pid=0x4
PID 0x4 rpm=1890 spd=40 mil=on
REQ id=0x7DF mode=0x3 pid=0x0
Sent stored DTC
REQ id=0x7DF mode=0x1 pid=0xC
PID 0xC rpm=1985 spd=43 mil=on
REQ id=0x7DF mode=0x1 pid=0xD
PID 0xD rpm=1985 spd=43 mil=on
REQ id=0x7DF mode=0x1 pid=0x5
PID 0x5 rpm=1985 spd=43 mil=on
REQ id=0x7DF mode=0x1 pid=0xC
PID 0xC rpm=1985 spd=43 mil=on
REQ id=0x7DF mode=0x1 pid=0xD
PID 0xD rpm=1985 spd=43 mil=on
REQ id=0x7DF mode=0x1 pid=0x2F
PID 0x2F rpm=1985 spd=43 mil=on
REQ id=0x7DF mode=0x1 pid=0xC
PID 0xC rpm=2180 spd=70 mil=on
REQ id=0x7DF mode=0x1 pid=0xD
PID 0xD rpm=2180 spd=70 mil=on
REQ id=0x7DF mode=0x1 pid=0x4
PID 0x4 rpm=2180 spd=70 mil=on
REQ id=0x7DF mode=0x7 pid=0x0
Sent pending DTC
REQ id=0x7DF mode=0x1 pid=0xC
PID 0xC rpm=2180 spd=70 mil=on
REQ id=0x7DF mode=0x1 pid=0xD
PID 0xD rpm=2180 spd=70 mil=on
REQ id=0x7DF mode=0x1 pid=0x5
PID 0x5 rpm=2180 spd=70 mil=on
REQ id=0x7DF mode=0x1 pid=0xC
PID 0xC rpm=2250 spd=73 mil=on
REQ id=0x7DF mode=0x1 pid=0xD
PID 0xD rpm=2250 spd=73 mil=on
REQ id=0x7DF mode=0x1 pid=0x2F
PID 0x2F rpm=2250 spd=73 mil=on
REQ id=0x7DF mode=0x1 pid=0xC
PID 0xC rpm=2250 spd=73 mil=on
REQ id=0x7DF mode=0x1 pid=0xD
PID 0xD rpm=2250 spd=73 mil=on
REQ id=0x7DF mode=0x1 pid=0x4
PID 0x4 rpm=2250 spd=73 mil=on
REQ id=0x7DF mode=0x1 pid=0xC
PID 0xC rpm=2320 spd=76 mil=on
REQ id=0x7DF mode=0x1 pid=0xD
PID 0xD rpm=2320 spd=76 mil=on
REQ id=0x7DF mode=0x1 pid=0x5
PID 0x5 rpm=2320 spd=76 mil=on
REQ id=0x7DF mode=0x1 pid=0xC
PID 0xC rpm=2320 spd=76 mil=on
REQ id=0x7DF mode=0x1 pid=0xD
PID 0xD rpm=2320 spd=76 mil=on
REQ id=0x7DF mode=0x1 pid=0x2F
PID 0x2F rpm=2320 spd=76 mil=on
REQ id=0x7DF mode=0xA pid=0x0
Sent permanent DTC
REQ id=0x7DF mode=0x1 pid=0xC
PID 0xC rpm=2390 spd=79 mil=on
REQ id=0x7DF mode=0x1 pid=0xD
PID 0xD rpm=2390 spd=79 mil=on
REQ id=0x7DF mode=0x1 pid=0x4
PID 0x4 rpm=2390 spd=79 mil=on
REQ id=0x7DF mode=0x1 pid=0xC
PID 0xC rpm=2390 spd=79 mil=on
REQ id=0x7DF mode=0x1 pid=0xD
PID 0xD rpm=2390 spd=79 mil=on
REQ id=0x7DF mode=0x1 pid=0x5
PID 0x5 rpm=2390 spd=79 mil=on
REQ id=0x7DF mode=0x1 pid=0xC
PID 0xC rpm=2460 spd=82 mil=on
REQ id=0x7DF mode=0x1 pid=0xD
PID 0xD rpm=2460 spd=82 mil=on
REQ id=0x7DF mode=0x1 pid=0x2F
PID 0x2F rpm=2460 spd=82 mil=on
