
===== post-atsp6 sync COM4 ts=1776506593 =====
REQ id=0x7DF mode=0x1 pid=0x0
PID 0x0 rpm=2470 spd=82 mil=on
REQ id=0x7DF mode=0x1 pid=0xD
PID 0xD rpm=2470 spd=82 mil=on
REQ id=0x7DF mode=0x1 pid=0x1
PID 0x1 rpm=2470 spd=82 mil=on
REQ id=0x7DF mode=0x3 pid=0x0
Sent stored DTC
REQ id=0x7DF mode=0x7 pid=0x0
Sent pending DTC
REQ id=0x7DF mode=0xA pid=0x0
Sent permanent DTC
REQ id=0x7DF mode=0x1 pid=0xC
PID 0xC rpm=2515 spd=84 mil=on
REQ id=0x7DF mode=0x1 pid=0xD
PID 0xD rpm=2515 spd=84 mil=on
REQ id=0x7DF mode=0x1 pid=0x1
PID 0x1 rpm=2515 spd=84 mil=on
REQ id=0x7DF mode=0x1 pid=0xC
PID 0xC rpm=2605 spd=88 mil=on
REQ id=0x7DF mode=0x1 pid=0x5
PID 0x5 rpm=2605 spd=88 mil=on
REQ id=0x7DF mode=0x3 pid=0x0
Sent stored DTC
REQ id=0x7DF mode=0x1 pid=0xC
PID 0xC rpm=0 spd=0 mil=on
REQ id=0x7DF mode=0x1 pid=0x2F
PID 0x2F rpm=0 spd=0 mil=on
REQ id=0x7DF mode=0x7 pid=0x0
Sent pending DTC
REQ id=0x7DF mode=0x1 pid=0xC
PID 0xC rpm=0 spd=0 mil=on
REQ id=0x7DF mode=0x1 pid=0x4
PID 0x4 rpm=0 spd=0 mil=on
REQ id=0x7DF mode=0x1 pid=0xC
PID 0xC rpm=0 spd=0 mil=on
REQ id=0x7DF mode=0x1 pid=0xD
PID 0xD rpm=0 spd=0 mil=on
REQ id=0x7DF mode=0xA pid=0x0
Sent permanent DTC
