
===== monitor start port=COM4 ts=1776509425 =====
e=0x1 pid=0xD
PID 0xD rpm=1890 spd=40 mil=on
REQ id=0x7DF mode=0x1 pid=0x4
PID 0x4 rpm=1890 spd=40 mil=on

REQ id=0x7DF mode=0x1 pid=0xD
PID 0xD rpm=1890 spd=40 mil=on
REQ id=0x7DF mode=0x1 pid=0x4
PID 0x4 rpm=1890 spd=40 mil=on
REQ id=0x7DF mode=0x1 pid=0xC
PID 0xC rpm=1985 spd=43 mil=on
REQ id=0x7DF mode=0x1 pid=0xD
PID 0xD rpm=1985 spd=43 mil=on
REQ id=0x7DF mode=0x1 pid=0x5
PID 0x5 rpm=1985 spd=43 mil=on
REQ id=0x7DF mode=0x1 pid=0xC
PID 0xC rpm=1985 spd=43 mil=on
REQ id=0x7DF mode=0x1 pid=0xD
PID 0xD rpm=1985 spd=43 mil=on
REQ id=0x7DF mode=0x1 pid=0x2F
PID 0x2F rpm=1985 spd=43 mil=on
REQ id=0x7DF mode=0x1 pid=0xC
PID 0xC rpm=1320 spd=22 mil=on
REQ id=0x7DF mode=0x1 pid=0xD
PID 0xD rpm=1320 spd=22 mil=on
REQ id=0x7DF mode=0x1 pid=0x4
PID 0x4 rpm=1320 spd=22 mil=on
REQ id=0x7DF mode=0x1 pid=0xC
PID 0xC rpm=1320 spd=22 mil=on
REQ id=0x7DF mode=0x1 pid=0xD
PID 0xD rpm=1320 spd=22 mil=on
REQ id=0x7DF mode=0x1 pid=0x5
PID 0x5 rpm=1320 spd=22 mil=on
REQ id=0x7DF mode=0xA pid=0x0
Sent permanent DTC
REQ id=0x7DF mode=0x1 pid=0xC
PID 0xC rpm=1320 spd=22 mil=on
REQ id=0x7DF mode=0x1 pid=0xD
PID 0xD rpm=1320 spd=22 mil=on
REQ id=0x7DF mode=0x1 pid=0x2F
PID 0x2F rpm=1415 spd=25 mil=on
REQ id=0x7DF mode=0x1 pid=0xC
PID 0xC rpm=1415 spd=25 mil=on
REQ id=0x7DF mode=0x1 pid=0xD
PID 0xD rpm=1415 spd=25 mil=on
REQ id=0x7DF mode=0x1 pid=0x4
PID 0x4 rpm=1415 spd=25 mil=on
REQ id=0x7DF mode=0x1 pid=0xC
PID 0xC rpm=1415 spd=25 mil=on
REQ id=0x7DF mode=0x1 pid=0xD
PID 0xD rpm=1415 spd=25 mil=on
REQ id=0x7DF mode=0x1 pid=0x5
PID 0x5 rpm=1415 spd=25 mil=on
REQ id=0x7DF mode=0x1 pid=0x1
PID 0x1 rpm=1510 spd=28 mil=on
REQ id=0x7DF mode=0x1 pid=0xC
PID 0xC rpm=1510 spd=28 mil=on
REQ id=0x7DF mode=0x1 pid=0xD
PID 0xD rpm=1510 spd=28 mil=on
REQ id=0x7DF mode=0x1 pid=0x2F
PID 0x2F rpm=1510 spd=28 mil=on
REQ id=0x7DF mode=0x1 pid=0xC
PID 0xC rpm=1510 spd=28 mil=on
REQ id=0x7DF mode=0x1 pid=0xD
PID 0xD rpm=1510 spd=28 mil=on
REQ id=0x7DF mode=0x1 pid=0x4
PID 0x4 rpm=1510 spd=28 mil=on
REQ id=0x7DF mode=0x1 pid=0xC
PID 0xC rpm=1605 spd=31 mil=on
REQ id=0x7DF mode=0x1 pid=0xD
PID 0xD rpm=1605 spd=31 mil=on
REQ id=0x7DF mode=0x1 pid=0x5
PID 0x5 rpm=1605 spd=31 mil=on
REQ id=0x7DF mode=0x1 pid=0xC
PID 0xC rpm=1605 spd=31 mil=on
REQ id=0x7DF mode=0x1 pid=0xD
PID 0xD rpm=1605 spd=31 mil=on
REQ id=0x7DF mode=0x1 pid=0x2F
PID 0x2F rpm=1605 spd=31 mil=on
REQ id=0x7DF mode=0x1 pid=0xC
PID 0xC rpm=1700 spd=34 mil=on
REQ id=0x7DF mode=0x1 pid=0xD
PID 0xD rpm=1700 spd=34 mil=on
REQ id=0x7DF mode=0x1 pid=0x4
PID 0x4 rpm=1700 spd=34 mil=on
REQ id=0x7DF mode=0x3 pid=0x0
Sent stored DTC
REQ id=0x7DF mode=0x1 pid=0xC
PID 0xC rpm=1700 spd=34 mil=on
REQ id=0x7DF mode=0x1 pid=0xD
PID 0xD rpm=1700 spd=34 mil=on
REQ id=0x7DF mode=0x1 pid=0x5
PID 0x5 rpm=1700 spd=34 mil=on
REQ id=0x7DF mode=0x1 pid=0xC
PID 0xC rpm=1795 spd=37 mil=on
REQ id=0x7DF mode=0x1 pid=0xD
PID 0xD rpm=1795 spd=37 mil=on
REQ id=0x7DF mode=0x1 pid=0x2F
PID 0x2F rpm=1795 spd=37 mil=on
REQ id=0x7DF mode=0x1 pid=0xC
PID 0xC rpm=1795 spd=37 mil=on
REQ id=0x7DF mode=0x1 pid=0xD
PID 0xD rpm=1795 spd=37 mil=on
REQ id=0x7DF mode=0x1 pid=0x4
PID 0x4 rpm=1795 spd=37 mil=on
REQ id=0x7DF mode=0x7 pid=0x0
Sent pending DTC
REQ id=0x7DF mode=0x1 pid=0xC
PID 0xC rpm=1890 spd=40 mil=on
REQ id=0x7DF mode=0x1 pid=0xD
PID 0xD rpm=1890 spd=40 mil=on
REQ id=0x7DF mode=0x1 pid=0x5
PID 0x5 rpm=1890 spd=40 mil=on
REQ id=0x7DF mode=0x1 pid=0xC
PID 0xC rpm=1890 spd=40 mil=on
REQ id=0x7DF mode=0x1 pid=0xD
PID 0xD rpm=1890 spd=40 mil=on
REQ id=0x7DF mode=0x1 pid=0x2F
PID 0x2F rpm=1890 spd=40 mil=on
REQ id=0x7DF mode=0x1 pid=0xC
PID 0xC rpm=1890 spd=40 mil=on
REQ id=0x7DF mode=0x1 pid=0xD
PID 0xD rpm=1985 spd=43 mil=on
REQ id=0x7DF mode=0x1 pid=0x4
PID 0x4 rpm=1985 spd=43 mil=on
REQ id=0x7DF mode=0x1 pid=0xC
PID 0xC rpm=1985 spd=43 mil=on
REQ id=0x7DF mode=0x1 pid=0xD
PID 0xD rpm=1985 spd=43 mil=on
REQ id=0x7DF mode=0x1 pid=0x5
PID 0x5 rpm=1985 spd=43 mil=on
REQ id=0x7DF mode=0x1 pid=0xC
PID 0xC rpm=1985 spd=43 mil=on
REQ id=0x7DF mode=0x1 pid=0xD
PID 0xD rpm=1985 spd=43 mil=on
REQ id=0x7DF mode=0x1 pid=0x2F
PID 0x2F rpm=1985 spd=43 mil=on
REQ id=0x7DF mode=0xA pid=0x0
Sent permanent DTC
REQ id=0x7DF mode=0x1 pid=0xC
PID 0xC rpm=1320 spd=22 mil=on
REQ id=0x7DF mode=0x1 pid=0xD
PID 0xD rpm=1320 spd=22 mil=on
REQ id=0x7DF mode=0x1 pid=0x4
PID 0x4 rpm=1320 spd=22 mil=on
REQ id=0x7DF mode=0x1 pid=0xC
PID 0xC rpm=1320 spd=22 mil=on
REQ id=0x7DF mode=0x1 pid=0xD
PID 0xD rpm=1320 spd=22 mil=on
REQ id=0x7DF mode=0x1 pid=0x5
PID 0x5 rpm=1320 spd=22 mil=on
REQ id=0x7DF mode=0x1 pid=0xC
PID 0xC rpm=1415 spd=25 mil=on
REQ id=0x7DF mode=0x1 pid=0xD
PID 0xD rpm=1415 spd=25 mil=on
REQ id=0x7DF mode=0x1 pid=0x2F
PID 0x2F rpm=1415 spd=25 mil=on
REQ id=0x7DF mode=0x1 pid=0x1
PID 0x1 rpm=1415 spd=25 mil=on
REQ id=0x7DF mode=0x1 pid=0xC
PID 0xC rpm=1415 spd=25 mil=on
REQ id=0x7DF mode=0x1 pid=0xD
PID 0xD rpm=1415 spd=25 mil=on
REQ id=0x7DF mode=0x1 pid=0x4
PID 0x4 rpm=1415 spd=25 mil=on
REQ id=0x7DF mode=0x1 pid=0xC
PID 0xC rpm=1510 spd=28 mil=on
REQ id=0x7DF mode=0x1 pid=0xD
PID 0xD rpm=1510 spd=28 mil=on
REQ id=0x7DF mode=0x1 pid=0x5
PID 0x5 rpm=1510 spd=28 mil=on
REQ id=0x7DF mode=0x1 pid=0xC
PID 0xC rpm=2320 spd=76 mil=on
REQ id=0x7DF mode=0x1 pid=0xD
PID 0xD rpm=2320 spd=76 mil=on
REQ id=0x7DF mode=0x1 pid=0x2F
PID 0x2F rpm=2320 spd=76 mil=on
REQ id=0x7DF mode=0x1 pid=0xC
PID 0xC rpm=2390 spd=79 mil=on
REQ id=0x7DF mode=0x1 pid=0xD
PID 0xD rpm=2390 spd=79 mil=on
REQ id=0x7DF mode=0x1 pid=0x4
PID 0x4 rpm=2390 spd=79 mil=on
REQ id=0x7DF mode=0x1 pid=0xC
PID 0xC rpm=2390 spd=79 mil=on
REQ id=0x7DF mode=0x1 pid=0xD
PID 0xD rpm=2390 spd=79 mil=on
REQ id=0x7DF mode=0x1 pid=0x5
PID 0x5 rpm=2390 spd=79 mil=on
REQ id=0x7DF mode=0x3 pid=0x0
Sent stored DTC
REQ id=0x7DF mode=0x1 pid=0xC
PID 0xC rpm=2460 spd=82 mil=on
REQ id=0x7DF mode=0x1 pid=0xD
PID 0xD rpm=2460 spd=82 mil=on
REQ id=0x7DF mode=0x1 pid=0x2F
PID 0x2F rpm=2460 spd=82 mil=on
REQ id=0x7DF mode=0x1 pid=0xC
PID 0xC rpm=2460 spd=82 mil=on
REQ id=0x7DF mode=0x1 pid=0xD
PID 0xD rpm=2460 spd=82 mil=on
REQ id=0x7DF mode=0x1 pid=0x4
PID 0x4 rpm=2460 spd=82 mil=on
REQ id=0x7DF mode=0x1 pid=0xC
PID 0xC rpm=2530 spd=85 mil=on
REQ id=0x7DF mode=0x1 pid=0xD
PID 0xD rpm=2530 spd=85 mil=on
REQ id=0x7DF mode=0x1 pid=0x5
PID 0x5 rpm=2530 spd=85 mil=on
REQ id=0x7DF mode=0x7 pid=0x0
Sent pending DTC
REQ id=0x7DF mode=0x1 pid=0xC
PID 0xC rpm=2530 spd=85 mil=on
REQ id=0x7DF mode=0x1 pid=0xD
PID 0xD rpm=2530 spd=85 mil=on
REQ id=0x7DF mode=0x1 pid=0x2F
PID 0x2F rpm=2530 spd=85 mil=on
REQ id=0x7DF mode=0x1 pid=0xC
PID 0xC rpm=2530 spd=85 mil=on
REQ id=0x7DF mode=0x1 pid=0xD
PID 0xD rpm=2530 spd=85 mil=on
REQ id=0x7DF mode=0x1 pid=0x4
PID 0x4 rpm=2530 spd=85 mil=on
REQ id=0x7DF mode=0x1 pid=0xC
PID 0xC rpm=2600 spd=88 mil=on
REQ id=0x7DF mode=0x1 pid=0xD
PID 0xD rpm=2600 spd=88 mil=on
REQ id=0x7DF mode=0x1 pid=0x5
PID 0x5 rpm=2600 spd=88 mil=on
REQ id=0x7DF mode=0x1 pid=0xC
PID 0xC rpm=2600 spd=88 mil=on
REQ id=0x7DF mode=0x1 pid=0xD
PID 0xD rpm=2600 spd=88 mil=on
REQ id=0x7DF mode=0x1 pid=0x2F
PID 0x2F rpm=2600 spd=88 mil=on
REQ id=0x7DF mode=0x1 pid=0xC
PID 0xC rpm=2670 spd=91 mil=on
REQ id=0x7DF mode=0x1 pid=0xD
PID 0xD rpm=2670 spd=91 mil=on
REQ id=0x7DF mode=0x1 pid=0x4
PID 0x4 rpm=2670 spd=91 mil=on
REQ id=0x7DF mode=0xA pid=0x0
Sent permanent DTC
REQ id=0x7DF mode=0x1 pid=0xC
PID 0xC rpm=2670 spd=91 mil=on
REQ id=0x7DF mode=0x1 pid=0xD
PID 0xD rpm=2670 spd=91 mil=on
REQ id=0x7DF mode=0x1 pid=0x5
PID 0x5 rpm=2670 spd=91 mil=on
REQ id=0x7DF mode=0x1 pid=0xC
PID 0xC rpm=2180 spd=70 mil=on
REQ id=0x7DF mode=0x1 pid=0xD
PID 0xD rpm=2180 spd=70 mil=on
REQ id=0x7DF mode=0x1 pid=0x2F
PID 0x2F rpm=2180 spd=70 mil=on
REQ id=0x7DF mode=0x1 pid=0xC
PID 0xC rpm=2180 spd=70 mil=on
REQ id=0x7DF mode=0x1 pid=0xD
PID 0xD rpm=2180 spd=70 mil=on
REQ id=0x7DF mode=0x1 pid=0x4
PID 0x4 rpm=2180 spd=70 mil=on
REQ id=0x7DF mode=0x1 pid=0x1
PID 0x1 rpm=2250 spd=73 mil=on
REQ id=0x7DF mode=0x1 pid=0xC
PID 0xC rpm=2250 spd=73 mil=on
REQ id=0x7DF mode=0x1 pid=0xD
PID 0xD rpm=2250 spd=73 mil=on
REQ id=0x7DF mode=0x1 pid=0x5
PID 0x5 rpm=2250 spd=73 mil=on
REQ id=0x7DF mode=0x1 pid=0xC
PID 0xC rpm=2250 spd=73 mil=on
REQ id=0x7DF mode=0x1 pid=0xD
PID 0xD rpm=2250 spd=73 mil=on
REQ id=0x7DF mode=0x1 pid=0x2F
PID 0x2F rpm=2250 spd=73 mil=on
REQ id=0x7DF mode=0x1 pid=0xC
PID 0xC rpm=2320 spd=76 mil=on
REQ id=0x7DF mode=0x1 pid=0xD
PID 0xD rpm=2320 spd=76 mil=on
REQ id=0x7DF mode=0x1 pid=0x4
PID 0x4 rpm=2320 spd=76 mil=on
REQ id=0x7DF mode=0x1 pid=0xC
PID 0xC rpm=2320 spd=76 mil=on
REQ id=0x7DF mode=0x1 pid=0xD
PID 0xD rpm=2320 spd=76 mil=on
REQ id=0x7DF mode=0x1 pid=0x5
PID 0x5 rpm=2320 spd=76 mil=on
REQ id=0x7DF mode=0x1 pid=0xC
PID 0xC rpm=2390 spd=79 mil=on
REQ id=0x7DF mode=0x1 pid=0xD
PID 0xD rpm=2390 spd=79 mil=on
REQ id=0x7DF mode=0x1 pid=0x2F
PID 0x2F rpm=2390 spd=79 mil=on
REQ id=0x7DF mode=0x3 pid=0x0
Sent stored DTC
REQ id=0x7DF mode=0x1 pid=0xC
PID 0xC rpm=2390 spd=79 mil=on
REQ id=0x7DF mode=0x1 pid=0xD
PID 0xD rpm=2390 spd=79 mil=on
REQ id=0x7DF mode=0x1 pid=0x4
PID 0x4 rpm=2390 spd=79 mil=on
REQ id=0x7DF mode=0x1 pid=0xC
PID 0xC rpm=2390 spd=79 mil=on
REQ id=0x7DF mode=0x1 pid=0xD
PID 0xD rpm=2390 spd=79 mil=on
REQ id=0x7DF mode=0x1 pid=0x5
PID 0x5 rpm=2460 spd=82 mil=on
REQ id=0x7DF mode=0x1 pid=0xC
PID 0xC rpm=2460 spd=82 mil=on
REQ id=0x7DF mode=0x1 pid=0xD
PID 0xD rpm=2460 spd=82 mil=on
REQ id=0x7DF mode=0x1 pid=0x2F
PID 0x2F rpm=2460 spd=82 mil=on
REQ id=0x7DF mode=0x7 pid=0x0
Sent pending DTC
REQ id=0x7DF mode=0x1 pid=0xC
PID 0xC rpm=2460 spd=82 mil=on
REQ id=0x7DF mode=0x1 pid=0xD
PID 0xD rpm=2460 spd=82 mil=on
REQ id=0x7DF mode=0x1 pid=0x4
PID 0x4 rpm=2460 spd=82 mil=on
REQ id=0x7DF mode=0x1 pid=0xC
PID 0xC rpm=2530 spd=85 mil=on
REQ id=0x7DF mode=0x1 pid=0xD
PID 0xD rpm=2530 spd=85 mil=on
REQ id=0x7DF mode=0x1 pid=0x5
PID 0x5 rpm=2530 spd=85 mil=on
REQ id=0x7DF mode=0x1 pid=0xC
PID 0xC rpm=2530 spd=85 mil=on
REQ id=0x7DF mode=0x1 pid=0xD
PID 0xD rpm=2530 spd=85 mil=on
REQ id=0x7DF mode=0x1 pid=0x2F
PID 0x2F rpm=2530 spd=85 mil=on
REQ id=0x7DF mode=0x1 pid=0xC
PID 0xC rpm=2600 spd=88 mil=on
REQ id=0x7DF mode=0x1 pid=0xD
PID 0xD rpm=2600 spd=88 mil=on
REQ id=0x7DF mode=0x1 pid=0x4
PID 0x4 rpm=2600 spd=88 mil=on
REQ id=0x7DF mode=0x1 pid=0xC
PID 0xC rpm=2600 spd=88 mil=on
REQ id=0x7DF mode=0x1 pid=0xD
PID 0xD rpm=2600 spd=88 mil=on
REQ id=0x7DF mode=0x1 pid=0x5
PID 0x5 rpm=2600 spd=88 mil=on
REQ id=0x7DF mode=0xA pid=0x0
Sent permanent DTC
REQ id=0x7DF mode=0x1 pid=0xC
PID 0xC rpm=2670 spd=91 mil=on
REQ id=0x7DF mode=0x1 pid=0xD
PID 0xD rpm=2670 spd=91 mil=on
REQ id=0x7DF mode=0x1 pid=0x2F
PID 0x2F rpm=2670 spd=91 mil=on
REQ id=0x7DF mode=0x1 pid=0xC
PID 0xC rpm=2670 spd=91 mil=on
REQ id=0x7DF mode=0x1 pid=0xD
PID 0xD rpm=2670 spd=91 mil=on
REQ id=0x7DF mode=0x1 pid=0x4
PID 0x4 rpm=2670 spd=91 mil=on
REQ id=0x7DF mode=0x1 pid=0xC
PID 0xC rpm=3040 spd=100 mil=on
REQ id=0x7DF mode=0x1 pid=0xD
PID 0xD rpm=3040 spd=100 mil=on
REQ id=0x7DF mode=0x1 pid=0x5
PID 0x5 rpm=3040 spd=100 mil=on
REQ id=0x7DF mode=0x1 pid=0x1
PID 0x1 rpm=3040 spd=100 mil=on
REQ id=0x7DF mode=0x1 pid=0xC
PID 0xC rpm=3040 spd=100 mil=on
REQ id=0x7DF mode=0x1 pid=0xD
PID 0xD rpm=3040 spd=100 mil=on
REQ id=0x7DF mode=0x1 pid=0x2F
PID 0x2F rpm=3040 spd=100 mil=on
REQ id=0x7DF mode=0x1 pid=0xC
PID 0xC rpm=3130 spd=103 mil=on
REQ id=0x7DF mode=0x1 pid=0xD
PID 0xD rpm=3130 spd=103 mil=on
REQ id=0x7DF mode=0x1 pid=0x4
PID 0x4 rpm=3130 spd=103 mil=on
REQ id=0x7DF mode=0x1 pid=0xC
PID 0xC rpm=3130 spd=103 mil=on
REQ id=0x7DF mode=0x1 pid=0xD
PID 0xD rpm=3130 spd=103 mil=on
REQ id=0x7DF mode=0x1 pid=0x5
PID 0x5 rpm=3130 spd=103 mil=on
REQ id=0x7DF mode=0x1 pid=0xC
PID 0xC rpm=3130 spd=103 mil=on
REQ id=0x7DF mode=0x1 pid=0xD
PID 0xD rpm=3130 spd=103 mil=on
REQ id=0x7DF mode=0x1 pid=0x2F
PID 0x2F rpm=3220 spd=106 mil=on
REQ id=0x7DF mode=0x1 pid=0xC
PID 0xC rpm=3220 spd=106 mil=on
REQ id=0x7DF mode=0x1 pid=0xD
PID 0xD rpm=3220 spd=106 mil=on
REQ id=0x7DF mode=0x1 pid=0x4
PID 0x4 rpm=3220 spd=106 mil=on
REQ id=0x7DF mode=0x3 pid=0x0
Sent stored DTC
REQ id=0x7DF mode=0x1 pid=0xC
PID 0xC rpm=3220 spd=106 mil=on
REQ id=0x7DF mode=0x1 pid=0xD
PID 0xD rpm=3220 spd=106 mil=on
REQ id=0x7DF mode=0x1 pid=0x5
PID 0x5 rpm=3220 spd=106 mil=on
REQ id=0x7DF mode=0x1 pid=0xC
PID 0xC rpm=3310 spd=109 mil=on
REQ id=0x7DF mode=0x1 pid=0xD
PID 0xD rpm=3310 spd=109 mil=on
REQ id=0x7DF mode=0x1 pid=0x2F
PID 0x2F rpm=3310 spd=109 mil=on
REQ id=0x7DF mode=0x1 pid=0xC
PID 0xC rpm=3310 spd=109 mil=on
REQ id=0x7DF mode=0x1 pid=0xD
PID 0xD rpm=3310 spd=109 mil=on
REQ id=0x7DF mode=0x1 pid=0x4
PID 0x4 rpm=3310 spd=109 mil=on
REQ id=0x7DF mode=0x7 pid=0x0
Sent pending DTC
REQ id=0x7DF mode=0x1 pid=0xC
PID 0xC rpm=3400 spd=112 mil=on
REQ id=0x7DF mode=0x1 pid=0xD
PID 0xD rpm=3400 spd=112 mil=on
REQ id=0x7DF mode=0x1 pid=0x5
PID 0x5 rpm=3400 spd=112 mil=on
REQ id=0x7DF mode=0x1 pid=0xC
PID 0xC rpm=3400 spd=112 mil=on
REQ id=0x7DF mode=0x1 pid=0xD
PID 0xD rpm=3400 spd=112 mil=on
REQ id=0x7DF mode=0x1 pid=0x2F
PID 0x2F rpm=3400 spd=112 mil=on
REQ id=0x7DF mode=0x1 pid=0xC
PID 0xC rpm=3490 spd=115 mil=on
REQ id=0x7DF mode=0x1 pid=0xD
PID 0xD rpm=3490 spd=115 mil=on
REQ id=0x7DF mode=0x1 pid=0x4
PID 0x4 rpm=3490 spd=115 mil=on
REQ id=0x7DF mode=0x1 pid=0xC
PID 0xC rpm=3490 spd=115 mil=on
REQ id=0x7DF mode=0x1 pid=0xD
PID 0xD rpm=3490 spd=115 mil=on
REQ id=0x7DF mode=0x1 pid=0x5
PID 0x5 rpm=3490 spd=115 mil=on
REQ id=0x7DF mode=0x1 pid=0xC
PID 0xC rpm=3580 spd=118 mil=on
REQ id=0x7DF mode=0x1 pid=0xD
PID 0xD rpm=3580 spd=118 mil=on
REQ id=0x7DF mode=0x1 pid=0x2F
PID 0x2F rpm=3580 spd=118 mil=on
REQ id=0x7DF mode=0xA pid=0x0
Sent permanent DTC
REQ id=0x7DF mode=0x1 pid=0xC
PID 0xC rpm=3580 spd=118 mil=on
REQ id=0x7DF mode=0x1 pid=0xD
PID 0xD rpm=3580 spd=118 mil=on
REQ id=0x7DF mode=0x1 pid=0x4
PID 0x4 rpm=3580 spd=118 mil=on
