
===== post-speed-sync COM4 ts=1776507004 =====
spd=0 mil=on
REQ id=0x7DF mode=0x1 pid=0x2F
PID 0x2F rpm=798 spd=0 mil=on
on
REQ id=0x7DF mode=0x1 pid=0xD
PID 0xD rpm=798 spd=0 mil=on
REQ id=0x7DF mode=0x1 pid=0x2F
PID 0x2F rpm=798 spd=0 mil=on
REQ id=0x7DF mode=0x1 pid=0x0
PID 0x0 rpm=834 spd=0 mil=on
REQ id=0x7DF mode=0x1 pid=0xD
PID 0xD rpm=834 spd=0 mil=on
REQ id=0x7DF mode=0x1 pid=0x1
PID 0x1 rpm=834 spd=0 mil=on
REQ id=0x7DF mode=0x3 pid=0x0
Sent stored DTC
REQ id=0x7DF mode=0x7 pid=0x0
Sent pending DTC
REQ id=0x7DF mode=0xA pid=0x0
Sent permanent DTC
REQ id=0x7DF mode=0x1 pid=0xC
PID 0xC rpm=852 spd=0 mil=on
REQ id=0x7DF mode=0x1 pid=0xD
PID 0xD rpm=852 spd=0 mil=on
REQ id=0x7DF mode=0x1 pid=0x5
PID 0x5 rpm=852 spd=0 mil=on
REQ id=0x7DF mode=0x1 pid=0x1
PID 0x1 rpm=852 spd=0 mil=on
REQ id=0x7DF mode=0x1 pid=0xC
PID 0xC rpm=852 spd=0 mil=on
REQ id=0x7DF mode=0x1 pid=0xD
PID 0xD rpm=870 spd=0 mil=on
REQ id=0x7DF mode=0x1 pid=0x2F
PID 0x2F rpm=870 spd=0 mil=on
REQ id=0x7DF mode=0x1 pid=0xC
PID 0xC rpm=870 spd=0 mil=on
REQ id=0x7DF mode=0x1 pid=0xD
PID 0xD rpm=870 spd=0 mil=on
REQ id=0x7DF mode=0x1 pid=0x4
PID 0x4 rpm=870 spd=0 mil=on
REQ id=0x7DF mode=0x1 pid=0xC
PID 0xC rpm=870 spd=0 mil=on
REQ id=0x7DF mode=0x1 pid=0xD
PID 0xD rpm=870 spd=0 mil=on
REQ id=0x7DF mode=0x1 pid=0x5
PID 0x5 rpm=870 spd=0 mil=on
REQ id=0x7DF mode=0x1 pid=0xC
PID 0xC rpm=888 spd=0 mil=on
REQ id=0x7DF mode=0x1 pid=0xD
PID 0xD rpm=888 spd=0 mil=on
REQ id=0x7DF mode=0x1 pid=0x2F
PID 0x2F rpm=888 spd=0 mil=on
REQ id=0x7DF mode=0x3 pid=0x0
Sent stored DTC
REQ id=0x7DF mode=0x1 pid=0xC
PID 0xC rpm=888 spd=0 mil=on
REQ id=0x7DF mode=0x1 pid=0xD
PID 0xD rpm=888 spd=0 mil=on
REQ id=0x7DF mode=0x1 pid=0x4
PID 0x4 rpm=888 spd=0 mil=on
REQ id=0x7DF mode=0x1 pid=0xC
PID 0xC rpm=906 spd=0 mil=on
REQ id=0x7DF mode=0x1 pid=0xD
PID 0xD rpm=906 spd=0 mil=on
REQ id=0x7DF mode=0x1 pid=0x5
PID 0x5 rpm=906 spd=0 mil=on
REQ id=0x7DF mode=0x1 pid=0xC
PID 0xC rpm=2040 spd=49 mil=on
REQ id=0x7DF mode=0x1 pid=0xD
PID 0xD rpm=2040 spd=49 mil=on
REQ id=0x7DF mode=0x1 pid=0x2F
PID 0x2F rpm=2040 spd=49 mil=on
REQ id=0x7DF mode=0x1 pid=0xC
PID 0xC rpm=2040 spd=49 mil=on
REQ id=0x7DF mode=0x1 pid=0xD
PID 0xD rpm=2040 spd=49 mil=on
REQ id=0x7DF mode=0x1 pid=0x4
PID 0x4 rpm=2040 spd=49 mil=on
REQ id=0x7DF mode=0x7 pid=0x0
Sent pending DTC
REQ id=0x7DF mode=0x1 pid=0xC
PID 0xC rpm=1550 spd=28 mil=on
REQ id=0x7DF mode=0x1 pid=0xD
PID 0xD rpm=1550 spd=28 mil=on
REQ id=0x7DF mode=0x1 pid=0x5
PID 0x5 rpm=1550 spd=28 mil=on
REQ id=0x7DF mode=0x1 pid=0xC
PID 0xC rpm=1550 spd=28 mil=on
REQ id=0x7DF mode=0x1 pid=0xD
PID 0xD rpm=1550 spd=28 mil=on
REQ id=0x7DF mode=0x1 pid=0x2F
PID 0x2F rpm=1550 spd=28 mil=on
REQ id=0x7DF mode=0x1 pid=0xC
PID 0xC rpm=1620 spd=31 mil=on
REQ id=0x7DF mode=0x1 pid=0xD
PID 0xD rpm=1620 spd=31 mil=on
REQ id=0x7DF mode=0x1 pid=0x4
PID 0x4 rpm=1620 spd=31 mil=on
REQ id=0x7DF mode=0x1 pid=0xC
PID 0xC rpm=1620 spd=31 mil=on
REQ id=0x7DF mode=0x1 pid=0xD
PID 0xD rpm=1620 spd=31 mil=on
REQ id=0x7DF mode=0x1 pid=0x5
PID 0x5 rpm=1620 spd=31 mil=on
REQ id=0x7DF mode=0xA pid=0x0
Sent permanent DTC
REQ id=0x7DF mode=0x1 pid=0xC
PID 0xC rpm=1620 spd=31 mil=on
REQ id=0x7DF mode=0x1 pid=0xD
PID 0xD rpm=1690 spd=34 mil=on
REQ id=0x7DF mode=0x1 pid=0x2F
PID 0x2F rpm=1690 spd=34 mil=on
REQ id=0x7DF mode=0x1 pid=0xC
PID 0xC rpm=1690 spd=34 mil=on
REQ id=0x7DF mode=0x1 pid=0xD
PID 0xD rpm=1690 spd=34 mil=on
REQ id=0x7DF mode=0x1 pid=0x4
PID 0x4 rpm=1690 spd=34 mil=on
REQ id=0x7DF mode=0x1 pid=0xC
PID 0xC rpm=1690 spd=34 mil=on
REQ id=0x7DF mode=0x1 pid=0xD
PID 0xD rpm=1690 spd=34 mil=on
REQ id=0x7DF mode=0x1 pid=0x5
PID 0x5 rpm=1690 spd=34 mil=on
REQ id=0x7DF mode=0x1 pid=0xC
PID 0xC rpm=1760 spd=37 mil=on
REQ id=0x7DF mode=0x1 pid=0xD
PID 0xD rpm=1760 spd=37 mil=on
REQ id=0x7DF mode=0x1 pid=0x2F
PID 0x2F rpm=1760 spd=37 mil=on
REQ id=0x7DF mode=0x1 pid=0x1
PID 0x1 rpm=1760 spd=37 mil=on
REQ id=0x7DF mode=0x1 pid=0xC
PID 0xC rpm=1760 spd=37 mil=on
REQ id=0x7DF mode=0x1 pid=0xD
PID 0xD rpm=1760 spd=37 mil=on
REQ id=0x7DF mode=0x1 pid=0x4
PID 0x4 rpm=1760 spd=37 mil=on
REQ id=0x7DF mode=0x1 pid=0xC
PID 0xC rpm=1830 spd=40 mil=on
REQ id=0x7DF mode=0x1 pid=0xD
PID 0xD rpm=1830 spd=40 mil=on
REQ id=0x7DF mode=0x1 pid=0x5
PID 0x5 rpm=1830 spd=40 mil=on
REQ id=0x7DF mode=0x1 pid=0xC
PID 0xC rpm=1830 spd=40 mil=on
REQ id=0x7DF mode=0x1 pid=0xD
PID 0xD rpm=1830 spd=40 mil=on
REQ id=0x7DF mode=0x1 pid=0x2F
PID 0x2F rpm=1830 spd=40 mil=on
REQ id=0x7DF mode=0x1 pid=0xC
PID 0xC rpm=1900 spd=43 mil=on
REQ id=0x7DF mode=0x1 pid=0xD
PID 0xD rpm=1900 spd=43 mil=on
REQ id=0x7DF mode=0x1 pid=0x4
PID 0x4 rpm=1900 spd=43 mil=on
REQ id=0x7DF mode=0x3 pid=0x0
Sent stored DTC
REQ id=0x7DF mode=0x1 pid=0xC
PID 0xC rpm=3770 spd=120 mil=on
REQ id=0x7DF mode=0x1 pid=0xD
PID 0xD rpm=3770 spd=120 mil=on
REQ id=0x7DF mode=0x1 pid=0x5
PID 0x5 rpm=3770 spd=120 mil=on
REQ id=0x7DF mode=0x7 pid=0x0
Sent pending DTC
REQ id=0x7DF mode=0x1 pid=0xC
PID 0xC rpm=3865 spd=122 mil=on
REQ id=0x7DF mode=0x1 pid=0xD
PID 0xD rpm=3865 spd=122 mil=on
REQ id=0x7DF mode=0x1 pid=0x2F
PID 0x2F rpm=3865 spd=122 mil=on
REQ id=0x7DF mode=0x1 pid=0xC
PID 0xC rpm=1260 spd=34 mil=on
REQ id=0x7DF mode=0x1 pid=0xD
PID 0xD rpm=1260 spd=34 mil=on
REQ id=0x7DF mode=0x1 pid=0x4
PID 0x4 rpm=1260 spd=34 mil=on
REQ id=0x7DF mode=0x1 pid=0xC
PID 0xC rpm=1260 spd=34 mil=on
REQ id=0x7DF mode=0x1 pid=0xD
PID 0xD rpm=1260 spd=34 mil=on
REQ id=0x7DF mode=0x1 pid=0x5
PID 0x5 rpm=1260 spd=34 mil=on
REQ id=0x7DF mode=0xA pid=0x0
Sent permanent DTC
