[   63742ms] [ERROR] TypeError: Cannot read properties of undefined (reading '_leaflet_pos')
    at is (https://thingdock.dev/_next/static/chunks/9c09817456a99b20.js:1:20326)
    at e._getMapPanePos (https://thingdock.dev/_next/static/chunks/9c09817456a99b20.js:1:42732)
    at e.containerPointToLayerPoint (https://thingdock.dev/_next/static/chunks/9c09817456a99b20.js:1:37198)
    at e._getCenterLayerPoint (https://thingdock.dev/_next/static/chunks/9c09817456a99b20.js:1:43552)
    at e.getCenter (https://thingdock.dev/_next/static/chunks/9c09817456a99b20.js:1:34806)
    at e.setZoom (https://thingdock.dev/_next/static/chunks/9c09817456a99b20.js:1:27360)
    at e.stop (https://thingdock.dev/_next/static/chunks/9c09817456a99b20.js:1:32169)
    at https://thingdock.dev/_next/static/chunks/8855edaa33663cf3.js:1:60535
    at ig (https://thingdock.dev/_next/static/chunks/aee6c7720838f8a2.js:1:102416)
    at ub (https://thingdock.dev/_next/static/chunks/aee6c7720838f8a2.js:1:130266) @ https://thingdock.dev/_next/static/chunks/aee6c7720838f8a2.js:0
[   63748ms] [ERROR] TypeError: Cannot read properties of undefined (reading '_leaflet_pos')
    at is (https://thingdock.dev/_next/static/chunks/9c09817456a99b20.js:1:20326)
    at e._getMapPanePos (https://thingdock.dev/_next/static/chunks/9c09817456a99b20.js:1:42732)
    at e.containerPointToLayerPoint (https://thingdock.dev/_next/static/chunks/9c09817456a99b20.js:1:37198)
    at e._getCenterLayerPoint (https://thingdock.dev/_next/static/chunks/9c09817456a99b20.js:1:43552)
    at e.getCenter (https://thingdock.dev/_next/static/chunks/9c09817456a99b20.js:1:34806)
    at e.setZoom (https://thingdock.dev/_next/static/chunks/9c09817456a99b20.js:1:27360)
    at e.stop (https://thingdock.dev/_next/static/chunks/9c09817456a99b20.js:1:32169)
    at https://thingdock.dev/_next/static/chunks/8855edaa33663cf3.js:1:60535
    at ig (https://thingdock.dev/_next/static/chunks/aee6c7720838f8a2.js:1:102416)
    at ub (https://thingdock.dev/_next/static/chunks/aee6c7720838f8a2.js:1:130266) @ https://thingdock.dev/_next/static/chunks/060eddd330ec1e62.js:0
[  148717ms] [VERBOSE] [DOM] Password forms should have (optionally hidden) username fields for accessibility: (More info: https://goo.gl/9p2vKq) %o @ https://thingdock.dev/dashboard/platform/users:0
[  173618ms] [ERROR] TypeError: Cannot read properties of undefined (reading '_leaflet_pos')
    at is (https://thingdock.dev/_next/static/chunks/9c09817456a99b20.js:1:20326)
    at e._getMapPanePos (https://thingdock.dev/_next/static/chunks/9c09817456a99b20.js:1:42732)
    at e.containerPointToLayerPoint (https://thingdock.dev/_next/static/chunks/9c09817456a99b20.js:1:37198)
    at e._getCenterLayerPoint (https://thingdock.dev/_next/static/chunks/9c09817456a99b20.js:1:43552)
    at e.getCenter (https://thingdock.dev/_next/static/chunks/9c09817456a99b20.js:1:34806)
    at e.setZoom (https://thingdock.dev/_next/static/chunks/9c09817456a99b20.js:1:27360)
    at e.stop (https://thingdock.dev/_next/static/chunks/9c09817456a99b20.js:1:32169)
    at https://thingdock.dev/_next/static/chunks/5fde7bf2136a67d1.js:17:1427
    at ig (https://thingdock.dev/_next/static/chunks/aee6c7720838f8a2.js:1:102416)
    at ub (https://thingdock.dev/_next/static/chunks/aee6c7720838f8a2.js:1:130266) @ https://thingdock.dev/_next/static/chunks/aee6c7720838f8a2.js:0
[  173624ms] [ERROR] TypeError: Cannot read properties of undefined (reading '_leaflet_pos')
    at is (https://thingdock.dev/_next/static/chunks/9c09817456a99b20.js:1:20326)
    at e._getMapPanePos (https://thingdock.dev/_next/static/chunks/9c09817456a99b20.js:1:42732)
    at e.containerPointToLayerPoint (https://thingdock.dev/_next/static/chunks/9c09817456a99b20.js:1:37198)
    at e._getCenterLayerPoint (https://thingdock.dev/_next/static/chunks/9c09817456a99b20.js:1:43552)
    at e.getCenter (https://thingdock.dev/_next/static/chunks/9c09817456a99b20.js:1:34806)
    at e.setZoom (https://thingdock.dev/_next/static/chunks/9c09817456a99b20.js:1:27360)
    at e.stop (https://thingdock.dev/_next/static/chunks/9c09817456a99b20.js:1:32169)
    at https://thingdock.dev/_next/static/chunks/5fde7bf2136a67d1.js:17:1427
    at ig (https://thingdock.dev/_next/static/chunks/aee6c7720838f8a2.js:1:102416)
    at ub (https://thingdock.dev/_next/static/chunks/aee6c7720838f8a2.js:1:130266) @ https://thingdock.dev/_next/static/chunks/060eddd330ec1e62.js:0
[  211964ms] [ERROR] Failed to load resource: the server responded with a status of 500 (Internal Server Error) @ https://thingdock.dev/api/v1/notifications?page=2&limit=20:0
[  350142ms] [ERROR] Failed to load resource: the server responded with a status of 500 (Internal Server Error) @ https://thingdock.dev/api/v1/notifications/stats:0
[  351716ms] [ERROR] Failed to load resource: the server responded with a status of 500 (Internal Server Error) @ https://thingdock.dev/api/v1/notifications?limit=8:0
[  370386ms] [ERROR] Failed to load resource: the server responded with a status of 500 (Internal Server Error) @ https://thingdock.dev/api/v1/notifications/stats:0
